<!DOCTYPE html>

<html xmlns="http://www.w3.org/1999/xhtml">
<head>

    <script src="//static-preprod.domain.com/service.js"></script>

</head>
<body>

</body>
</html>
